Enter 1 to display the alphabet or 2 to display digits: Hexadecimal Digits: 0123456789ABCDEF