Please enter a: Please enter b: Please enter c: The real roots are:
x1 = 3 x2 = -2