Please enter a: Please enter b: Please enter c: The complex roots are:
c-1 = -0.2 + 0.4i.; r2 = -0.2 - 0.4i