Please enter a: Please enter b: Please enter c: Cannot divide by 0