Point 0:Enter an X:Enter a Y:Point 1:Enter an X:Enter a Y:The Distance in Between (0.000000,0.000000) and (3.000000,4.000000) = 5