Usage: CopyFile.exe <source_filename> <destination_filename>