Enter a length for rectangle side l: Enter a length for rectangle side w: The area for the entered rectangle is: -10